// Vitest Snapshot v1, https://vitest.dev/guide/snapshot.html

exports[`StyledHeader > should render properly 1`] = `
<header
  class="header"
  data-v-51353816=""
>
  <div
    class="container"
    data-v-51353816=""
  >
    <h1
      data-v-51353816=""
    >
      BestBuy
    </h1>
    <nav
      data-v-51353816=""
    >
      <router-link
        data-v-51353816=""
        to="/"
      >
        Home
      </router-link>
      <router-link
        data-v-51353816=""
        to="/shop"
      >
        Shop
      </router-link>
      <router-link
        data-v-51353816=""
        to="/about"
      >
        About us
      </router-link>
    </nav>
  </div>
</header>
`;
